[    0.000000] Linux version 4.15.0-159-generic (buildd@lgw01-amd64-055) (gcc version 7.5.0 (Ubuntu 7.5.0-3ubuntu1~18.04)) #167-Ubuntu SMP Tue Sep 21 08:55:05 UTC 2021 (Ubuntu 4.15.0-159.167-generic 4.15.18)
[    0.000000] Command line: BOOT_IMAGE=/boot/vmlinuz-4.15.0-159-generic root=LABEL=cloudimg-rootfs ro console=tty1 console=ttyS0
[    0.000000] KERNEL supported cpus:
[    0.000000]   Intel GenuineIntel
[    0.000000]   AMD AuthenticAMD
[    0.000000]   Centaur CentaurHauls
[    0.000000] x86/fpu: Supporting XSAVE feature 0x001: 'x87 floating point registers'
[    0.000000] x86/fpu: Supporting XSAVE feature 0x002: 'SSE registers'
[    0.000000] x86/fpu: Supporting XSAVE feature 0x004: 'AVX registers'
[    0.000000] x86/fpu: xstate_offset[2]:  576, xstate_sizes[2]:  256
[    0.000000] x86/fpu: Enabled xstate features 0x7, context size is 832 bytes, using 'standard' format.
[    0.000000] e820: BIOS-provided physical RAM map:
[    0.000000] BIOS-e820: [mem 0x0000000000000000-0x000000000009fbff] usable
[    0.000000] BIOS-e820: [mem 0x000000000009fc00-0x000000000009ffff] reserved
[    0.000000] BIOS-e820: [mem 0x00000000000f0000-0x00000000000fffff] reserved
[    0.000000] BIOS-e820: [mem 0x0000000000100000-0x000000003ffeffff] usable
[    0.000000] BIOS-e820: [mem 0x000000003fff0000-0x000000003fffffff] ACPI data
[    0.000000] BIOS-e820: [mem 0x00000000fec00000-0x00000000fec00fff] reserved
[    0.000000] BIOS-e820: [mem 0x00000000fee00000-0x00000000fee00fff] reserved
[    0.000000] BIOS-e820: [mem 0x00000000fffc0000-0x00000000ffffffff] reserved
[    0.000000] NX (Execute Disable) protection: active
[    0.000000] SMBIOS 2.5 present.
[    0.000000] DMI: innotek GmbH VirtualBox/VirtualBox, BIOS VirtualBox 12/01/2006
[    0.000000] Hypervisor detected: KVM
[    0.000000] e820: last_pfn = 0x3fff0 max_arch_pfn = 0x400000000
[    0.000000] MTRR: Disabled
[    0.000000] x86/PAT: MTRRs disabled, skipping PAT initialization too.
[    0.000000] CPU MTRRs all blank - virtualized system.
[    0.000000] x86/PAT: Configuration [0-7]: WB  WT  UC- UC  WB  WT  UC- UC  
[    0.000000] found SMP MP-table at [mem 0x0009fff0-0x0009ffff]
[    0.000000] Scanning 1 areas for low memory corruption
[    0.000000] RAMDISK: [mem 0x359cb000-0x36cdcfff]
[    0.000000] ACPI: Early table checksum verification disabled
[    0.000000] ACPI: RSDP 0x00000000000E0000 000024 (v02 VBOX  )
[    0.000000] ACPI: XSDT 0x000000003FFF0030 00003C (v01 VBOX   VBOXXSDT 00000001 ASL  00000061)
[    0.000000] ACPI: FACP 0x000000003FFF00F0 0000F4 (v04 VBOX   VBOXFACP 00000001 ASL  00000061)
[    0.000000] ACPI: DSDT 0x000000003FFF0470 002325 (v02 VBOX   VBOXBIOS 00000002 INTL 20190509)
[    0.000000] ACPI: FACS 0x000000003FFF0200 000040
[    0.000000] ACPI: FACS 0x000000003FFF0200 000040
[    0.000000] ACPI: APIC 0x000000003FFF0240 00005C (v02 VBOX   VBOXAPIC 00000001 ASL  00000061)
[    0.000000] ACPI: SSDT 0x000000003FFF02A0 0001CC (v01 VBOX   VBOXCPUT 00000002 INTL 20190509)
[    0.000000] ACPI: Reserving FACP table memory at [mem 0x3fff00f0-0x3fff01e3]
[    0.000000] ACPI: Reserving DSDT table memory at [mem 0x3fff0470-0x3fff2794]
[    0.000000] ACPI: Reserving FACS table memory at [mem 0x3fff0200-0x3fff023f]
[    0.000000] ACPI: Reserving FACS table memory at [mem 0x3fff0200-0x3fff023f]
[    0.000000] ACPI: Reserving APIC table memory at [mem 0x3fff0240-0x3fff029b]
[    0.000000] ACPI: Reserving SSDT table memory at [mem 0x3fff02a0-0x3fff046b]
[    0.000000] No NUMA configuration found
[    0.000000] Faking a node at [mem 0x0000000000000000-0x000000003ffeffff]
[    0.000000] NODE_DATA(0) allocated [mem 0x3ffc5000-0x3ffeffff]
[    0.000000] kvm-clock: cpu 0, msr 0:3ff44001, primary cpu clock
[    0.000000] kvm-clock: Using msrs 4b564d01 and 4b564d00
[    0.000000] kvm-clock: using sched offset of 4590595943 cycles
[    0.000000] clocksource: kvm-clock: mask: 0xffffffffffffffff max_cycles: 0x1cd42e4dffb, max_idle_ns: 881590591483 ns
[    0.000000] Zone ranges:
[    0.000000]   DMA      [mem 0x0000000000001000-0x0000000000ffffff]
[    0.000000]   DMA32    [mem 0x0000000001000000-0x000000003ffeffff]
[    0.000000]   Normal   empty
[    0.000000]   Device   empty
[    0.000000] Movable zone start for each node
[    0.000000] Early memory node ranges
[    0.000000]   node   0: [mem 0x0000000000001000-0x000000000009efff]
[    0.000000]   node   0: [mem 0x0000000000100000-0x000000003ffeffff]
[    0.000000] Reserved but unavailable: 104 pages
[    0.000000] Initmem setup node 0 [mem 0x0000000000001000-0x000000003ffeffff]
[    0.000000] ACPI: PM-Timer IO Port: 0x4008
[    0.000000] IOAPIC[0]: apic_id 2, version 32, address 0xfec00000, GSI 0-23
[    0.000000] ACPI: INT_SRC_OVR (bus 0 bus_irq 0 global_irq 2 dfl dfl)
[    0.000000] ACPI: INT_SRC_OVR (bus 0 bus_irq 9 global_irq 9 low level)
[    0.000000] Using ACPI (MADT) for SMP configuration information
[    0.000000] smpboot: Allowing 2 CPUs, 0 hotplug CPUs
[    0.000000] PM: Registered nosave memory: [mem 0x00000000-0x00000fff]
[    0.000000] PM: Registered nosave memory: [mem 0x0009f000-0x0009ffff]
[    0.000000] PM: Registered nosave memory: [mem 0x000a0000-0x000effff]
[    0.000000] PM: Registered nosave memory: [mem 0x000f0000-0x000fffff]
[    0.000000] e820: [mem 0x40000000-0xfebfffff] available for PCI devices
[    0.000000] Booting paravirtualized kernel on KVM
[    0.000000] clocksource: refined-jiffies: mask: 0xffffffff max_cycles: 0xffffffff, max_idle_ns: 7645519600211568 ns
[    0.000000] random: get_random_bytes called from start_kernel+0x99/0x500 with crng_init=0
[    0.000000] setup_percpu: NR_CPUS:8192 nr_cpumask_bits:2 nr_cpu_ids:2 nr_node_ids:1
[    0.000000] percpu: Embedded 45 pages/cpu s147456 r8192 d28672 u1048576
[    0.000000] PV qspinlock hash table entries: 256 (order: 0, 4096 bytes)
[    0.000000] Built 1 zonelists, mobility grouping on.  Total pages: 257913
[    0.000000] Policy zone: DMA32
[    0.000000] Kernel command line: BOOT_IMAGE=/boot/vmlinuz-4.15.0-159-generic root=LABEL=cloudimg-rootfs ro console=tty1 console=ttyS0
[    0.000000] Memory: 982708K/1048120K available (12300K kernel code, 2483K rwdata, 4320K rodata, 2448K init, 2724K bss, 65412K reserved, 0K cma-reserved)
[    0.000000] SLUB: HWalign=64, Order=0-3, MinObjects=0, CPUs=2, Nodes=1
[    0.000000] Kernel/User page tables isolation: enabled
[    0.000000] ftrace: allocating 39471 entries in 155 pages
[    0.004000] Hierarchical RCU implementation.
[    0.004000] 	RCU restricting CPUs from NR_CPUS=8192 to nr_cpu_ids=2.
[    0.004000] 	Tasks RCU enabled.
[    0.004000] RCU: Adjusting geometry for rcu_fanout_leaf=16, nr_cpu_ids=2
[    0.004000] NR_IRQS: 524544, nr_irqs: 440, preallocated irqs: 16
[    0.004000] Console: colour VGA+ 80x25
[    0.004000] console [tty1] enabled
[    0.004000] console [ttyS0] enabled
[    0.004000] ACPI: Core revision 20170831
[    0.004000] ACPI: 2 ACPI AML tables successfully acquired and loaded
[    0.004000] APIC: Switch to symmetric I/O mode setup
[    0.004000] x2apic enabled
[    0.004000] Switched APIC routing to physical x2apic.
[    0.004000] ..TIMER: vector=0x30 apic1=0 pin1=2 apic2=-1 pin2=-1
[    0.004004] tsc: Detected 2807.998 MHz processor
[    0.004695] Calibrating delay loop (skipped) preset value.. 5615.99 BogoMIPS (lpj=11231992)
[    0.005180] pid_max: default: 32768 minimum: 301
[    0.005880] Security Framework initialized
[    0.006493] Yama: becoming mindful.
[    0.007052] AppArmor: AppArmor initialized
[    0.008620] Dentry cache hash table entries: 131072 (order: 8, 1048576 bytes)
[    0.009656] Inode-cache hash table entries: 65536 (order: 7, 524288 bytes)
[    0.010672] Mount-cache hash table entries: 2048 (order: 2, 16384 bytes)
[    0.011619] Mountpoint-cache hash table entries: 2048 (order: 2, 16384 bytes)
[    0.012252] Last level iTLB entries: 4KB 64, 2MB 8, 4MB 8
[    0.013034] Last level dTLB entries: 4KB 64, 2MB 0, 4MB 0, 1GB 4
[    0.013869] Spectre V1 : Mitigation: usercopy/swapgs barriers and __user pointer sanitization
[    0.015117] Spectre V2 : Mitigation: Full generic retpoline
[    0.016001] Spectre V2 : Spectre v2 / SpectreRSB mitigation: Filling RSB on context switch
[    0.017166] Speculative Store Bypass: Vulnerable
[    0.017878] SRBDS: Unknown: Dependent on hypervisor status
[    0.018692] MDS: Mitigation: Clear CPU buffers
[    0.020154] Freeing SMP alternatives memory: 36K
[    0.130966] smpboot: CPU0: Intel(R) Core(TM) i7-7700HQ CPU @ 2.80GHz (family: 0x6, model: 0x9e, stepping: 0x9)
[    0.132000] Performance Events: unsupported p6 CPU model 158 no PMU driver, software events only.
[    0.132000] Hierarchical SRCU implementation.
[    0.132000] NMI watchdog: Perf event create on CPU 0 failed with -2
[    0.132001] NMI watchdog: Perf NMI watchdog permanently disabled
[    0.132927] smp: Bringing up secondary CPUs ...
[    0.133614] x86: Booting SMP configuration:
[    0.134197] .... node  #0, CPUs:      #1
[    0.004000] kvm-clock: cpu 1, msr 0:3ff44041, secondary cpu clock
[    0.138408] smp: Brought up 1 node, 2 CPUs
[    0.138408] smpboot: Max logical packages: 1
[    0.140016] smpboot: Total of 2 processors activated (11231.99 BogoMIPS)
[    0.141523] devtmpfs: initialized
[    0.144029] x86/mm: Memory block size: 128MB
[    0.144929] evm: security.selinux
[    0.145529] evm: security.SMACK64
[    0.146127] evm: security.SMACK64EXEC
[    0.146793] evm: security.SMACK64TRANSMUTE
[    0.147482] evm: security.SMACK64MMAP
[    0.148004] evm: security.apparmor
[    0.148558] evm: security.ima
[    0.149030] evm: security.capability
[    0.149622] clocksource: jiffies: mask: 0xffffffff max_cycles: 0xffffffff, max_idle_ns: 7645041785100000 ns
[    0.149622] futex hash table entries: 512 (order: 3, 32768 bytes)
[    0.152047] pinctrl core: initialized pinctrl subsystem
[    0.153383] RTC time: 14:55:49, date: 10/20/21
[    0.154168] NET: Registered protocol family 16
[    0.154845] audit: initializing netlink subsys (disabled)
[    0.155634] audit: type=2000 audit(1634741756.291:1): state=initialized audit_enabled=0 res=1
[    0.156048] cpuidle: using governor ladder
[    0.156589] cpuidle: using governor menu
[    0.157267] ACPI: bus type PCI registered
[    0.157880] acpiphp: ACPI Hot Plug PCI Controller Driver version: 0.5
[    0.160126] PCI: Using configuration type 1 for base access
[    0.162368] HugeTLB registered 2.00 MiB page size, pre-allocated 0 pages
[    0.164067] ACPI: Added _OSI(Module Device)
[    0.164692] ACPI: Added _OSI(Processor Device)
[    0.165350] ACPI: Added _OSI(3.0 _SCP Extensions)
[    0.168003] ACPI: Added _OSI(Processor Aggregator Device)
[    0.168818] ACPI: Added _OSI(Linux-Dell-Video)
[    0.169534] ACPI: Added _OSI(Linux-Lenovo-NV-HDMI-Audio)
[    0.170427] ACPI: Added _OSI(Linux-HPI-Hybrid-Graphics)
[    0.171520] ACPI: Executed 1 blocks of module-level executable AML code
[    0.176068] ACPI: Interpreter enabled
[    0.176659] ACPI: (supports S0 S5)
[    0.177288] ACPI: Using IOAPIC for interrupt routing
[    0.178388] PCI: Using host bridge windows from ACPI; if necessary, use "pci=nocrs" and report a bug
[    0.179898] ACPI: Enabled 2 GPEs in block 00 to 07
[    0.186680] ACPI: PCI Root Bridge [PCI0] (domain 0000 [bus 00-ff])
[    0.187616] acpi PNP0A03:00: _OSC: OS supports [ASPM ClockPM Segments MSI]
[    0.188477] acpi PNP0A03:00: _OSC: not requesting OS control; OS requires [ExtendedConfig ASPM ClockPM MSI]
[    0.190043] acpi PNP0A03:00: fail to add MMCONFIG information, can't access extended PCI configuration space under this bridge.
[    0.192400] PCI host bridge to bus 0000:00
[    0.193076] pci_bus 0000:00: root bus resource [io  0x0000-0x0cf7 window]
[    0.194042] pci_bus 0000:00: root bus resource [io  0x0d00-0xffff window]
[    0.195038] pci_bus 0000:00: root bus resource [mem 0x000a0000-0x000bffff window]
[    0.196004] pci_bus 0000:00: root bus resource [mem 0x40000000-0xfdffffff window]
[    0.197203] pci_bus 0000:00: root bus resource [bus 00-ff]
[    0.200985] pci 0000:00:01.1: legacy IDE quirk: reg 0x10: [io  0x01f0-0x01f7]
[    0.202166] pci 0000:00:01.1: legacy IDE quirk: reg 0x14: [io  0x03f6]
[    0.203119] pci 0000:00:01.1: legacy IDE quirk: reg 0x18: [io  0x0170-0x0177]
[    0.204007] pci 0000:00:01.1: legacy IDE quirk: reg 0x1c: [io  0x0376]
[    0.216281] pci 0000:00:07.0: quirk: [io  0x4000-0x403f] claimed by PIIX4 ACPI
[    0.217350] pci 0000:00:07.0: quirk: [io  0x4100-0x410f] claimed by PIIX4 SMB
[    0.225466] ACPI: PCI Interrupt Link [LNKA] (IRQs 5 9 10 *11)
[    0.226643] ACPI: PCI Interrupt Link [LNKB] (IRQs 5 9 *10 11)
[    0.227808] ACPI: PCI Interrupt Link [LNKC] (IRQs 5 *9 10 11)
[    0.228126] ACPI: PCI Interrupt Link [LNKD] (IRQs 5 9 10 *11)
[    0.229336] SCSI subsystem initialized
[    0.230105] pci 0000:00:02.0: vgaarb: setting as boot VGA device
[    0.230105] pci 0000:00:02.0: vgaarb: VGA device added: decodes=io+mem,owns=io+mem,locks=none
[    0.232014] pci 0000:00:02.0: vgaarb: bridge control possible
[    0.232934] vgaarb: loaded
[    0.233429] ACPI: bus type USB registered
[    0.234068] usbcore: registered new interface driver usbfs
[    0.236027] usbcore: registered new interface driver hub
[    0.236916] usbcore: registered new device driver usb
[    0.237750] EDAC MC: Ver: 3.0.0
[    0.237750] PCI: Using ACPI for IRQ routing
[    0.240097] NetLabel: Initializing
[    0.240662] NetLabel:  domain hash size = 128
[    0.241356] NetLabel:  protocols = UNLABELED CIPSOv4 CALIPSO
[    0.242225] NetLabel:  unlabeled traffic allowed by default
[    0.243138] clocksource: Switched to clocksource kvm-clock
[    0.250940] VFS: Disk quotas dquot_6.6.0
[    0.251669] VFS: Dquot-cache hash table entries: 512 (order 0, 4096 bytes)
[    0.252648] AppArmor: AppArmor Filesystem Enabled
[    0.253396] pnp: PnP ACPI init
[    0.254733] pnp: PnP ACPI: found 3 devices
[    0.262750] clocksource: acpi_pm: mask: 0xffffff max_cycles: 0xffffff, max_idle_ns: 2085701024 ns
[    0.263951] NET: Registered protocol family 2
[    0.264756] IP idents hash table entries: 16384 (order: 5, 131072 bytes)
[    0.266404] TCP established hash table entries: 8192 (order: 4, 65536 bytes)
[    0.267554] TCP bind hash table entries: 8192 (order: 5, 131072 bytes)
[    0.268408] TCP: Hash tables configured (established 8192 bind 8192)
[    0.269297] UDP hash table entries: 512 (order: 2, 16384 bytes)
[    0.270033] UDP-Lite hash table entries: 512 (order: 2, 16384 bytes)
[    0.270871] NET: Registered protocol family 1
[    0.271481] pci 0000:00:00.0: Limiting direct PCI/PCI transfers
[    0.272311] pci 0000:00:01.0: Activating ISA DMA hang workarounds
[    0.273222] pci 0000:00:02.0: Video device with shadowed ROM at [mem 0x000c0000-0x000dffff]
[    0.274368] Unpacking initramfs...
[    0.525479] Freeing initrd memory: 19528K
[    0.526236] clocksource: tsc: mask: 0xffffffffffffffff max_cycles: 0x2879c456dd4, max_idle_ns: 440795285767 ns
[    0.527526] platform rtc_cmos: registered platform RTC device (no PNP device found)
[    0.528671] Scanning for low memory corruption every 60 seconds
[    0.530147] Initialise system trusted keyrings
[    0.530860] Key type blacklist registered
[    0.531490] workingset: timestamp_bits=36 max_order=18 bucket_order=0
[    0.533114] zbud: loaded
[    0.533900] squashfs: version 4.0 (2009/01/31) Phillip Lougher
[    0.534835] fuse init (API version 7.26)
[    0.536730] Key type asymmetric registered
[    0.537359] Asymmetric key parser 'x509' registered
[    0.538015] Block layer SCSI generic (bsg) driver version 0.4 loaded (major 246)
[    0.538995] io scheduler noop registered
[    0.539526] io scheduler deadline registered
[    0.540185] io scheduler cfq registered (default)
[    0.541081] ACPI: AC Adapter [AC] (off-line)
[    0.541705] input: Power Button as /devices/LNXSYSTM:00/LNXPWRBN:00/input/input0
[    0.542702] ACPI: Power Button [PWRF]
[    0.543253] input: Sleep Button as /devices/LNXSYSTM:00/LNXSLPBN:00/input/input1
[    0.544248] ACPI: Sleep Button [SLPF]
[    0.545516] ACPI: Battery Slot [BAT0] (battery present)
[    0.546372] Serial: 8250/16550 driver, 32 ports, IRQ sharing enabled
[    0.568193] 00:02: ttyS0 at I/O 0x3f8 (irq = 4, base_baud = 115200) is a 16550A
[    0.574281] Linux agpgart interface v0.103
[    0.577845] loop: module loaded
[    0.579009] scsi host0: ata_piix
[    0.579974] scsi host1: ata_piix
[    0.580715] ata1: PATA max UDMA/33 cmd 0x1f0 ctl 0x3f6 bmdma 0xd000 irq 14
[    0.582103] ata2: PATA max UDMA/33 cmd 0x170 ctl 0x376 bmdma 0xd008 irq 15
[    0.583577] libphy: Fixed MDIO Bus: probed
[    0.584474] tun: Universal TUN/TAP device driver, 1.6
[    0.585615] PPP generic driver version 2.4.2
[    0.586615] ehci_hcd: USB 2.0 'Enhanced' Host Controller (EHCI) Driver
[    0.587924] ehci-pci: EHCI PCI platform driver
[    0.589002] ehci-platform: EHCI generic platform driver
[    0.590092] ohci_hcd: USB 1.1 'Open' Host Controller (OHCI) Driver
[    0.591319] ohci-pci: OHCI PCI platform driver
[    0.592166] ohci-platform: OHCI generic platform driver
[    0.593122] uhci_hcd: USB Universal Host Controller Interface driver
[    0.594525] i8042: PNP: PS/2 Controller [PNP0303:PS2K,PNP0f03:PS2M] at 0x60,0x64 irq 1,12
[    0.596323] serio: i8042 KBD port at 0x60,0x64 irq 1
[    0.597222] serio: i8042 AUX port at 0x60,0x64 irq 12
[    0.598350] mousedev: PS/2 mouse device common for all mice
[    0.600145] input: AT Translated Set 2 keyboard as /devices/platform/i8042/serio0/input/input2
[    0.601847] rtc_cmos rtc_cmos: rtc core: registered rtc_cmos as rtc0
[    0.602998] rtc_cmos rtc_cmos: alarms up to one day, 114 bytes nvram
[    0.604135] i2c /dev entries driver
[    0.604826] device-mapper: uevent: version 1.0.3
[    0.605796] device-mapper: ioctl: 4.37.0-ioctl (2017-09-20) initialised: dm-devel@redhat.com
[    0.607360] ledtrig-cpu: registered to indicate activity on CPUs
[    0.608808] NET: Registered protocol family 10
[    0.613053] Segment Routing with IPv6
[    0.613752] NET: Registered protocol family 17
[    0.614793] Key type dns_resolver registered
[    0.615918] mce: Using 0 MCE banks
[    0.616571] RAS: Correctable Errors collector initialized.
[    0.617606] sched_clock: Marking stable (616550156, 0)->(783653593, -167103437)
[    0.619452] registered taskstats version 1
[    0.620197] Loading compiled-in X.509 certificates
[    0.623158] Loaded X.509 cert 'Build time autogenerated kernel key: bf5768e0b2369bd53acb56866ca104cf5a2c379b'
[    0.625397] Loaded X.509 cert 'Canonical Ltd. Live Patch Signing: 14df34d1a87cf37625abec039ef2bf521249b969'
[    0.627530] Loaded X.509 cert 'Canonical Ltd. Kernel Module Signing: 88f752e560a1e0737e31163a466ad7b70a850c19'
[    0.629353] zswap: loaded using pool lzo/zbud
[    0.633357] Key type big_key registered
[    0.634077] Key type trusted registered
[    0.636126] Key type encrypted registered
[    0.636802] AppArmor: AppArmor sha1 policy hashing enabled
[    0.637912] ima: No TPM chip found, activating TPM-bypass! (rc=-19)
[    0.638911] ima: Allocated hash algorithm: sha1
[    0.639668] evm: HMAC attrs: 0x1
[    0.640446]   Magic number: 9:902:940
[    0.641219] rtc_cmos rtc_cmos: setting system clock to 2021-10-20 14:55:50 UTC (1634741750)
[    0.642702] BIOS EDD facility v0.16 2004-Jun-25, 0 devices found
[    0.643692] EDD information not available.
[    0.795667] Freeing unused kernel image memory: 2448K
[    1.108182] Write protecting the kernel read-only data: 20480k
[    1.113543] Freeing unused kernel image memory: 2008K
[    1.117219] Freeing unused kernel image memory: 1824K
[    1.138878] x86/mm: Checked W+X mappings: passed, no W+X pages found.
[    1.140793] x86/mm: Checking user space page tables
[    1.150748] x86/mm: Checked W+X mappings: passed, no W+X pages found.
Loading, please wait...
starting version 237
[    1.207090] e1000: Intel(R) PRO/1000 Network Driver - version 7.3.21-k8-NAPI
[    1.208124] e1000: Copyright (c) 1999-2006 Intel Corporation.
[    1.210788] Fusion MPT base driver 3.04.20
[    1.211372] Copyright (c) 1999-2008 LSI Corporation
[    1.226772] AVX2 version of gcm_enc/dec engaged.
[    1.227545] AES CTR mode by8 optimization enabled
[    1.229980] Fusion MPT SPI Host driver 3.04.20
[    1.424284] input: ImExPS/2 Generic Explorer Mouse as /devices/platform/i8042/serio1/input/input4
[    1.597617] e1000 0000:00:03.0 eth0: (PCI:33MHz:32-bit) 02:2f:77:f1:0c:e0
[    1.598865] e1000 0000:00:03.0 eth0: Intel(R) PRO/1000 Network Connection
[    1.600912] mptbase: ioc0: Initiating bringup
[    1.701005] ioc0: LSI53C1030 A0: Capabilities={Initiator}
[    1.952122] scsi host2: ioc0: LSI53C1030 A0, FwRev=00000000h, Ports=1, MaxQ=256, IRQ=20
[    2.124520] scsi 2:0:0:0: Direct-Access     VBOX     HARDDISK         1.0  PQ: 0 ANSI: 5
[    2.174057] scsi target2:0:0: Beginning Domain Validation
[    2.175765] scsi target2:0:0: Domain Validation skipping write tests
[    2.176810] scsi target2:0:0: Ending Domain Validation
[    2.177719] scsi target2:0:0: asynchronous
[    2.178714] scsi 2:0:1:0: Direct-Access     VBOX     HARDDISK         1.0  PQ: 0 ANSI: 5
[    2.464358] scsi target2:0:1: Beginning Domain Validation
[    2.465882] random: fast init done
[    2.466387] scsi target2:0:1: Domain Validation skipping write tests
[    2.467243] scsi target2:0:1: Ending Domain Validation
[    2.467923] scsi target2:0:1: asynchronous
[    2.470969] random: systemd-udevd: uninitialized urandom read (16 bytes read)
[    2.471868] random: systemd-udevd: uninitialized urandom read (16 bytes read)
[    2.472799] random: systemd-udevd: uninitialized urandom read (16 bytes read)
[    2.474511] sd 2:0:0:0: Attached scsi generic sg0 type 0
[    2.475673] sd 2:0:0:0: [sda] 83886080 512-byte logical blocks: (42.9 GB/40.0 GiB)
[    2.476000] sd 2:0:1:0: Attached scsi generic sg1 type 0
[    2.480157] sd 2:0:0:0: [sda] Write Protect is off
[    2.481371] sd 2:0:1:0: [sdb] 20480 512-byte logical blocks: (10.5 MB/10.0 MiB)
[    2.486304] sd 2:0:1:0: [sdb] Write Protect is off
[    2.487010] sd 2:0:0:0: [sda] Incomplete mode parameter data
[    2.487820] sd 2:0:0:0: [sda] Assuming drive cache: write through
[    2.489013] sd 2:0:1:0: [sdb] Incomplete mode parameter data
[    2.489994] sd 2:0:1:0: [sdb] Assuming drive cache: write through
[    2.492910]  sda: sda1
[    2.493790] sd 2:0:0:0: [sda] Attached SCSI disk
[    2.495866] sd 2:0:1:0: [sdb] Attached SCSI disk
[    2.496978] e1000 0000:00:08.0 eth1: (PCI:33MHz:32-bit) 08:00:27:c7:16:7b
[    2.498119] e1000 0000:00:08.0 eth1: Intel(R) PRO/1000 Network Connection
[    2.500565] e1000 0000:00:08.0 enp0s8: renamed from eth1
[    2.516689] e1000 0000:00:03.0 enp0s3: renamed from eth0
Begin: Loading essential drivers ... [    3.943524] raid6: sse2x1   gen() 13262 MB/s
[    3.992418] raid6: sse2x1   xor()  9813 MB/s
[    4.041343] raid6: sse2x2   gen() 15855 MB/s
[    4.088229] raid6: sse2x2   xor() 10291 MB/s
[    4.136186] raid6: sse2x4   gen() 17299 MB/s
[    4.185096] raid6: sse2x4   xor() 10728 MB/s
[    4.232970] raid6: avx2x1   gen() 25639 MB/s
[    4.281932] raid6: avx2x1   xor() 18422 MB/s
[    4.329045] raid6: avx2x2   gen() 26550 MB/s
[    4.376717] raid6: avx2x2   xor() 16174 MB/s
[    4.436484] raid6: avx2x4   gen() 44866 MB/s
[    4.485485] raid6: avx2x4   xor() 22419 MB/s
[    4.486099] raid6: using algorithm avx2x4 gen() 44866 MB/s
[    4.486881] raid6: .... xor() 22419 MB/s, rmw enabled
[    4.487533] raid6: using avx2x2 recovery algorithm
[    4.489407] xor: automatically using best checksumming function   avx       
[    4.491492] async_tx: api initialized (async)
done.
Begin: Running /scripts/init-premount ... done.
Begin: Mounting root file system ... Begin: Running /scripts/local-top ... done.
Begin: Running /scripts/local-premount ... [    4.529039] Btrfs loaded, crc32c=crc32c-intel
Scanning for Btrfs filesystems
done.
Warning: fsck not present, so skipping root file system
[    4.617891] EXT4-fs (sda1): mounted filesystem with ordered data mode. Opts: (null)
done.
Begin: Running /scripts/local-bottom ... done.
Begin: Running /scripts/init-bottom ... done.
[    5.279713] ip_tables: (C) 2000-2006 Netfilter Core Team
[    5.317756] systemd[1]: systemd 237 running in system mode. (+PAM +AUDIT +SELINUX +IMA +APPARMOR +SMACK +SYSVINIT +UTMP +LIBCRYPTSETUP +GCRYPT +GNUTLS +ACL +XZ +LZ4 +SECCOMP +BLKID +ELFUTILS +KMOD -IDN2 +IDN -PCRE2 default-hierarchy=hybrid)
[    5.328995] systemd[1]: Detected virtualization oracle.
[    5.330944] systemd[1]: Detected architecture x86-64.

Welcome to [1mUbuntu 18.04.6 LTS[0m!

[    5.341378] systemd[1]: Set hostname to <ubuntu>.
[    5.352459] systemd[1]: Initializing machine ID from random generator.
[    5.353814] systemd[1]: Installed transient /etc/machine-id file.
[    5.982562] systemd[1]: Reached target Swap.
[[0;32m  OK  [0m] Reached target Swap.
[    5.986464] systemd[1]: Started Forward Password Requests to Wall Directory Watch.
[[0;32m  OK  [0m] Started Forward Password Requests to Wall Directory Watch.
[    5.989449] systemd[1]: Reached target System Time Synchronized.
[[0;32m  OK  [0m] Reached target System Time Synchronized.
[    5.993512] systemd[1]: Created slice System Slice.
[[0;32m  OK  [0m] Created slice System Slice.
[[0;32m  OK  [0m] Listening on LVM2 poll daemon socket.
[[0;32m  OK  [0m] Listening on Device-mapper event daemon FIFOs.
[[0;32m  OK  [0m] Listening on Syslog Socket.
[[0;32m  OK  [0m] Listening on Network Service Netlink Socket.
[[0;32m  OK  [0m] Created slice system-serial\x2dgetty.slice.
[[0;32m  OK  [0m] Listening on Journal Socket.
         Starting Load Kernel Modules...
         Starting Uncomplicated firewall...
         Mounting Huge Pages File System...
         Starting Create list of required stâ€¦ce nodes for the current kernel...
         Mounting POSIX Message Queue File System...
[[0;32m  OK  [0m] Listening on Journal Audit Socket.
[[0;32m  OK  [0m] Listening on udev Kernel Socket.
[[0;32m  OK  [0m] Listening on udev Control Socket.
         Starting udev Coldplug all Devices...
[[0;32m  OK  [0m] Listening on fsck to fsckd communication Socket.
         Starting Set the console keyboard layout...
[[0;32m  OK  [0m] Listening on Journal Socket (/dev/log).
         Starting Journal Service...
[[0;32m  OK  [0m] Reached target User and Group Name Lookups.
         Starting File System Check on Root Device...
         Mounting Kernel Debug File System...
[[0;32m  OK  [0m] Listening on LVM2 metadata daemon socket.
         Starting Monitoring of LVM2 mirrorsâ€¦ng dmeventd or progress polling...
[[0;32m  OK  [0m] Listening on /dev/initctl Compatibility Named Pipe.
[[0;32m  OK  [0m] Set up automount Arbitrary Executabâ€¦rmats File System Automount Point.
[    6.119275] Loading iSCSI transport class v2.0-870.
[    6.130827] iscsi: registered transport (tcp)
[[0;32m  OK  [0m] Created slice User and Session Slice.
[[0;32m  OK  [0m] Reached target Slices.
[[0;32m  OK  [0m] Started Journal Service.
[[0;32m  OK  [0m] Started Uncomplicated firewall.
[[0;32m  OK  [0m] Mounted Huge Pages File System.
[[0;32m  OK  [0m] Mounted POSIX Message Queue File System.
[[0;32m  OK  [0m] Mounted Kernel Debug File System.
[[0;32m  OK  [0m] Started File System Check Daemon to report status.
[[0;32m  OK  [0m] Started Create list of required staâ€¦vice nodes for the current kernel.
         Starting Create Static Device Nodes in /dev...
[[0;32m  OK  [0m] Started udev Coldplug all Devices.
[[0;32m  OK  [0m] Started File System Check on Root Device.
         Starting Remount Root and Kernel File Systems...
[    6.299811] iscsi: registered transport (iser)
[[0;32m  OK  [0m] Started Load Kernel Modules.
         Mounting FUSE Control File System...
         Mounting Kernel Configuration File System...
         Starting Apply Kernel Variables...
[[0;32m  OK  [0m] Mounted Kernel Configuration File System.
[[0;32m  OK  [0m] Mounted FUSE Control File System.
[[0;32m  OK  [0m] Started Create Static Device Nodes in /dev.
[    6.380841] EXT4-fs (sda1): re-mounted. Opts: (null)
[[0;32m  OK  [0m] Started Remount Root and Kernel File Systems.
         Starting Load/Save Random Seed...
         Starting Flush Journal to Persistent Storage...
         Starting udev Kernel Device Manager...
[[0;32m  OK  [0m] Started Load/Save Random Seed.
[[0;32m  OK  [0m] Started Set the console keyboard layout.
[[0;32m  OK  [0m] Started Apply Kernel Variables.
[[0;32m  OK  [0m] Started LVM2 metadata daemon.
[[0;32m  OK  [0m] Started Flush Journal to Persistent Storage.
[[0;32m  OK  [0m] Started udev Kernel Device Manager.
[[0;32m  OK  [0m] Started Dispatch Password Requests to Console Directory Watch.
[[0;32m  OK  [0m] Reached target Local Encrypted Volumes.
[[0;32m  OK  [0m] Started Monitoring of LVM2 mirrors,â€¦sing dmeventd or progress polling.
[[0;32m  OK  [0m] Reached target Local File Systems (Pre).
[[0;32m  OK  [0m] Reached target Local File Systems.
         Starting AppArmor initialization...
         Starting Tell Plymouth To Write Out Runtime Data...
         Starting Commit a transient machine-id on disk...
         Starting ebtables ruleset management...
         Starting Set console font and keymap...
         Starting Create Volatile Files and Directories...
[[0;32m  OK  [0m] Started Tell Plymouth To Write Out Runtime Data.
[[0;32m  OK  [0m] Started Set console font and keymap.
[[0;32m  OK  [0m] Started Create Volatile Files and Directories.
         Starting Update UTMP about System Boot/Shutdown...
[[0;32m  OK  [0m] Started Update UTMP about System Boot/Shutdown.
[[0;32m  OK  [0m] Started Commit a transient machine-id on disk.
[[0;32m  OK  [0m] Started ebtables ruleset management.
[[0;32m  OK  [0m] Found device /dev/ttyS0.
[[0;32m  OK  [0m] Listening on Load/Save RF Kill Switch Status /dev/rfkill Watch.
[[0;32m  OK  [0m] Started AppArmor initialization.
         Starting Initial cloud-init job (pre-networking)...
         Starting Load AppArmor profiles managed internally by snapd...
[[0;32m  OK  [0m] Started Load AppArmor profiles managed internally by snapd.
[   10.262764] cloud-init[543]: Cloud-init v. 21.2-3-g899bfaa9-0ubuntu2~18.04.1 running 'init-local' at Wed, 20 Oct 2021 14:55:59 +0000. Up 9.89 seconds.
[[0;32m  OK  [0m] Started Initial cloud-init job (pre-networking).
[[0;32m  OK  [0m] Reached target Network (Pre).
         Starting Network Service...
[[0;32m  OK  [0m] Started Network Service.
         Starting Network Name Resolution...
         Starting Wait for Network to be Configured...
[[0;32m  OK  [0m] Started Network Name Resolution.
[[0;32m  OK  [0m] Reached target Network.
[[0;32m  OK  [0m] Reached target Host and Network Name Lookups.
[[0;32m  OK  [0m] Started Wait for Network to be Configured.
         Starting Initial cloud-init job (metadata service crawler)...
[   12.356935] cloud-init[673]: Cloud-init v. 21.2-3-g899bfaa9-0ubuntu2~18.04.1 running 'init' at Wed, 20 Oct 2021 14:56:02 +0000. Up 12.19 seconds.
[   12.358614] cloud-init[673]: ci-info: ++++++++++++++++++++++++++++++++++++++Net device info++++++++++++++++++++++++++++++++++++++
[   12.360509] cloud-init[673]: ci-info: +--------+-------+---------------------------+---------------+--------+-------------------+
[   12.362169] cloud-init[673]: ci-info: | Device |   Up  |          Address          |      Mask     | Scope  |     Hw-Address    |
[   12.363946] cloud-init[673]: ci-info: +--------+-------+---------------------------+---------------+--------+-------------------+
[   12.365396] cloud-init[673]: ci-info: | enp0s3 |  True |         10.0.2.15         | 255.255.255.0 | global | 02:2f:77:f1:0c:e0 |
[   12.366756] cloud-init[673]: ci-info: | enp0s3 |  True | fe80::2f:77ff:fef1:ce0/64 |       .       |  link  | 02:2f:77:f1:0c:e0 |
[   12.367860] cloud-init[673]: ci-info: | enp0s8 | False |             .             |       .       |   .    | 08:00:27:c7:16:7b |
[   12.369249] cloud-init[673]: ci-info: |   lo   |  True |         127.0.0.1         |   255.0.0.0   |  host  |         .         |
[   12.370864] cloud-init[673]: ci-info: |   lo   |  True |          ::1/128          |       .       |  host  |         .         |
[   12.372308] cloud-init[673]: ci-info: +--------+-------+---------------------------+---------------+--------+-------------------+
[   12.373624] cloud-init[673]: ci-info: ++++++++++++++++++++++++++++Route IPv4 info+++++++++++++++++++++++++++++
[   12.374762] cloud-init[673]: ci-info: +-------+-------------+----------+-----------------+-----------+-------+
[   12.375886] cloud-init[673]: ci-info: | Route | Destination | Gateway  |     Genmask     | Interface | Flags |
[   12.377376] cloud-init[673]: ci-info: +-------+-------------+----------+-----------------+-----------+-------+
[   12.379030] cloud-init[673]: ci-info: |   0   |   0.0.0.0   | 10.0.2.2 |     0.0.0.0     |   enp0s3  |   UG  |
[   12.380648] cloud-init[673]: ci-info: |   1   |   10.0.2.0  | 0.0.0.0  |  255.255.255.0  |   enp0s3  |   U   |
[   12.382431] cloud-init[673]: ci-info: |   2   |   10.0.2.2  | 0.0.0.0  | 255.255.255.255 |   enp0s3  |   UH  |
[   12.384091] cloud-init[673]: ci-info: +-------+-------------+----------+-----------------+-----------+-------+
[   12.385818] cloud-init[673]: ci-info: +++++++++++++++++++Route IPv6 info+++++++++++++++++++
[   12.387000] cloud-init[673]: ci-info: +-------+-------------+---------+-----------+-------+
[   12.389065] cloud-init[673]: ci-info: | Route | Destination | Gateway | Interface | Flags |
[   12.390466] cloud-init[673]: ci-info: +-------+-------------+---------+-----------+-------+
[   12.391401] cloud-init[673]: ci-info: |   1   |  fe80::/64  |    ::   |   enp0s3  |   U   |
[   12.392574] cloud-init[673]: ci-info: |   3   |    local    |    ::   |   enp0s3  |   U   |
[   12.393434] cloud-init[673]: ci-info: |   4   |   ff00::/8  |    ::   |   enp0s3  |   U   |
[   12.394299] cloud-init[673]: ci-info: +-------+-------------+---------+-----------+-------+
[   13.829952] cloud-init[673]: Generating public/private rsa key pair.
[   13.830916] cloud-init[673]: Your identification has been saved in /etc/ssh/ssh_host_rsa_key.
[   13.832212] cloud-init[673]: Your public key has been saved in /etc/ssh/ssh_host_rsa_key.pub.
[   13.833567] cloud-init[673]: The key fingerprint is:
[   13.834290] cloud-init[673]: SHA256:IKq1vU5WRWBqsuUrSmTA3qwA+8Qe0jirCTflJ8sOq2Y root@ubuntu-bionic
[   13.835609] cloud-init[673]: The key's randomart image is:
[   13.836360] cloud-init[673]: +---[RSA 2048]----+
[   13.837072] cloud-init[673]: |      o..        |
[   13.837793] cloud-init[673]: |.    o .         |
[   13.838419] cloud-init[673]: |o.. = . .        |
[   13.839107] cloud-init[673]: |+=oB . o         |
[   13.839728] cloud-init[673]: |*+Ooo . S        |
[   13.876184] cloud-init[673]: |+X.* o           |
[   13.876816] cloud-init[673]: |+oO B .          |
[   13.877429] cloud-init[673]: |+E O =           |
[   13.878070] cloud-init[673]: |B..o*            |
[   13.878689] cloud-init[673]: +----[SHA256]-----+
[   13.879432] cloud-init[673]: Generating public/private dsa key pair.
[   13.880353] cloud-init[673]: Your identification has been saved in /etc/ssh/ssh_host_dsa_key.
[   13.881384] cloud-init[673]: Your public key has been saved in /etc/ssh/ssh_host_dsa_key.pub.
[   13.882600] cloud-init[673]: The key fingerprint is:
[   13.883124] cloud-init[673]: SHA256:E21zP/l18Dd25QLAMlmOCYWbw9HAIy7JUngY/Pn6EZg root@ubuntu-bionic
[   13.884224] cloud-init[673]: The key's randomart image is:
[   13.884883] cloud-init[673]: +---[DSA 1024]----+
[   13.885435] cloud-init[673]: |o+   .o=.+o      |
[   13.885888] cloud-init[673]: |o.o . =.==..     |
[   13.886454] cloud-init[673]: | +.o.o =+o= o . .|
[   13.887051] cloud-init[673]: |. +o+ =  o o o =.|
[   13.887643] cloud-init[673]: | . E.. .S     =oB|
[   13.888223] cloud-init[673]: |     ..  .    .+*|
[   13.888688] cloud-init[673]: |    ..          .|
[   13.889226] cloud-init[673]: |   .  .          |
[   13.889783] cloud-init[673]: |    ..           |
[   13.890368] cloud-init[673]: +----[SHA256]-----+
[   13.890948] cloud-init[673]: Generating public/private ecdsa key pair.
[   13.892059] cloud-init[673]: Your identification has been saved in /etc/ssh/ssh_host_ecdsa_key.
[   13.893105] cloud-init[673]: Your public key has been saved in /etc/ssh/ssh_host_ecdsa_key.pub.
[   13.894502] cloud-init[673]: The key fingerprint is:
[   13.895329] cloud-init[673]: SHA256:k66nUybQVHbOH6uwvQhqBZtifD/e9MM/UaWo61uuco4 root@ubuntu-bionic
[   13.896687] cloud-init[673]: The key's randomart image is:
[[   13.916235] cloud-init[673]: +---[ECDSA 256]---+
[   13.916495] cloud-init[673]: |       .o .      |
[   13.916840] cloud-init[673]: |      .. +      .|
[0;32m  OK  [0m] Started Initial cloud-init job (metadata service crawler).
[   13.917263] cloud-init[673]: |     o    o .. o |
[   13.918905] cloud-init[673]: |    o .  . ..oo  |
[   13.919464] cloud-init[673]: | .   =  S  .o.   |
[[   13.920205] cloud-init[673]: |  + + o.o=...    |
[   13.920344] cloud-init[673]: | . o o.++.o...   |
[   13.920808] cloud-init[673]: |    ..+=o+=+.    |
[   13.921308] cloud-init[673]: |   ...+=E=B=o.   |
[   13.921737] cloud-init[673]: +----[SHA256]-----+
[   13.922208] cloud-init[673]: Generating public/private ed25519 key pair.
[   13.922707] cloud-init[673]: Your identification has been saved in /etc/ssh/ssh_host_ed25519_key.
[   13.923194] cloud-init[673]: Your public key has been saved in /etc/ssh/ssh_host_ed25519_key.pub.
[   13.923682] cloud-init[673]: The key fingerprint is:
[   13.924342] cloud-init[673]: SHA256:85cqbitldDycqqL0n2byAma/Id+bvruUj7wiiw4hugk root@ubuntu-bionic
[   13.924592] cloud-init[673]: The key's randomart image is:
[   13.925076] cloud-init[673]: +--[ED25519 256]--+
[   13.925603] cloud-init[673]: |                 |
[   13.926082] cloud-init[673]: |                 |
[   13.926574] cloud-init[673]: |         o .     |
[   13.927071] cloud-init[673]: |        . *      |
[   13.927563] cloud-init[673]: |o      .So .     |
[   13.928085] cloud-init[673]: |o.+    .+o   .   |
[   13.928558] cloud-init[673]: |Eooo. o+  . o    |
[   13.928969] cloud-init[673]: |o=.+*===o  o     |
[   13.929478] cloud-init[673]: |=.o++%/X+o.      |
[   13.929925] cloud-init[673]: +----[SHA256]-----+
[0;32m  OK  [0m] Reached target Network is Online.
[[0;32m  OK  [0m] Reached target Remote File Systems (Pre).
[[0;32m  OK  [0m] Reached target Remote File Systems.
         Starting Availability of block devices...
[[0;32m  OK  [0m] Reached target System Initialization.
[[0;32m  OK  [0m] Started Message of the Day.
[[0;32m  OK  [0m] Started Daily Cleanup of Temporary Directories.
[[0;32m  OK  [0m] Started Discard unused blocks once a week.
         Starting Socket activation for snappy daemon.
[[0;32m  OK  [0m] Listening on UUID daemon activation socket.
[[0;32m  OK  [0m] Started Daily apt download activities.
[[0;32m  OK  [0m] Listening on D-Bus System Message Bus Socket.
[[0;32m  OK  [0m] Started Daily apt upgrade and clean activities.
[[0;32m  OK  [0m] Started ACPI Events Check.
[[0;32m  OK  [0m] Reached target Paths.
[[0;32m  OK  [0m] Listening on ACPID Listen Socket.
         Starting LXD - unix socket.
[[0;32m  OK  [0m] Started Ubuntu Advantage update messaging.
[[0;32m  OK  [0m] Reached target Timers.
[[0;32m  OK  [0m] Listening on Open-iSCSI iscsid Socket.
[[0;32m  OK  [0m] Reached target Cloud-config availability.
[[0;32m  OK  [0m] Started Availability of block devices.
[[0;32m  OK  [0m] Listening on Socket activation for snappy daemon.
[[0;32m  OK  [0m] Listening on LXD - unix socket.
[[0;32m  OK  [0m] Reached target Sockets.
[[0;32m  OK  [0m] Reached target Basic System.
         Starting LSB: automatic crash report generation...
[[0;32m  OK  [0m] Started Deferred execution scheduler.
         Starting Permit User Sessions...
         Starting Virtualbox guest utils...
         Starting Dispatcher daemon for systemd-networkd...
[[0;32m  OK  [0m] Started irqbalance daemon.
         Starting LSB: Record successful boot for GRUB...
         Starting Pollinate to seed the pseudo random number generator...
         Starting Login Service...
[[0;32m  OK  [0m] Started D-Bus System Message Bus.
[[0;32m  OK  [0m] Started FUSE filesystem for LXC.
         Starting LXD - container startup/shutdown...
         Starting System Logging Service...
[[0;32m  OK  [0m] Started Regular background program processing daemon.
         Starting Snap Daemon...
         Starting Accounts Service...
[[0;32m  OK  [0m] Started Permit User Sessions.
[[0;32m  OK  [0m] Started Login Service.
[[0;32m  OK  [0m] Started Unattended Upgrades Shutdown.
         Starting Hold until boot process finishes up...
         Starting Terminate Plymouth Boot Screen...
[[0;32m  OK  [0m] Started Hold until boot process finishes up.
[[0;32m  OK  [0m] Started Terminate Plymouth Boot Screen.
         Starting Set console scheme...
[[0;32m  OK  [0m] Started Serial Getty on ttyS0.
[[0;32m  OK  [0m] Started Set console scheme.
[[0;32m  OK  [0m] Created slice system-getty.slice.
[[0;32m  OK  [0m] Started Getty on tty1.
[[0;32m  OK  [0m] Reached target Login Prompts.
[[0;32m  OK  [0m] Started LSB: automatic crash report generation.
[[0;32m  OK  [0m] Started System Logging Service.
[[0;32m  OK  [0m] Started LSB: Record successful boot for GRUB.
         Starting Authorization Manager...
[[0;32m  OK  [0m] Started Virtualbox guest utils.
[[0;32m  OK  [0m] Started Authorization Manager.
[[0;32m  OK  [0m] Started Accounts Service.
[[0;32m  OK  [0m] Started Dispatcher daemon for systemd-networkd.
[[0;32m  OK  [0m] Started LXD - container startup/shutdown.
[[0;32m  OK  [0m] Started Pollinate to seed the pseudo random number generator.
         Starting OpenBSD Secure Shell server...
[[0;32m  OK  [0m] Started OpenBSD Secure Shell server.
[[0;32m  OK  [0m] Created slice User Slice of vagrant.
         Starting User Manager for UID 1000...
[[0;32m  OK  [0m] Started Session 1 of user vagrant.
[[0;32m  OK  [0m] Started Snap Daemon.
         Starting Wait until snapd is fully seeded...
[[0;32m  OK  [0m] Started User Manager for UID 1000.

Ubuntu 18.04.6 LTS ubuntu-bionic ttyS0

ubuntu-bionic login: [   21.815577] cloud-init[1328]: Cloud-init v. 21.2-3-g899bfaa9-0ubuntu2~18.04.1 running 'modules:config' at Wed, 20 Oct 2021 14:56:09 +0000. Up 19.90 seconds.
ci-info: no authorized SSH keys fingerprints found for user ubuntu.
<14>Oct 20 14:56:12 cloud-init: #############################################################
<14>Oct 20 14:56:12 cloud-init: -----BEGIN SSH HOST KEY FINGERPRINTS-----
<14>Oct 20 14:56:12 cloud-init: 1024 SHA256:E21zP/l18Dd25QLAMlmOCYWbw9HAIy7JUngY/Pn6EZg root@ubuntu-bionic (DSA)
<14>Oct 20 14:56:12 cloud-init: 256 SHA256:k66nUybQVHbOH6uwvQhqBZtifD/e9MM/UaWo61uuco4 root@ubuntu-bionic (ECDSA)
<14>Oct 20 14:56:12 cloud-init: 256 SHA256:85cqbitldDycqqL0n2byAma/Id+bvruUj7wiiw4hugk root@ubuntu-bionic (ED25519)
<14>Oct 20 14:56:12 cloud-init: 2048 SHA256:IKq1vU5WRWBqsuUrSmTA3qwA+8Qe0jirCTflJ8sOq2Y root@ubuntu-bionic (RSA)
<14>Oct 20 14:56:12 cloud-init: -----END SSH HOST KEY FINGERPRINTS-----
<14>Oct 20 14:56:12 cloud-init: #############################################################
-----BEGIN SSH HOST KEY KEYS-----
ecdsa-sha2-nistp256 AAAAE2VjZHNhLXNoYTItbmlzdHAyNTYAAAAIbmlzdHAyNTYAAABBBK9OqqYIZRHZq8fw1TUgiMHHra2VZrnoF2wVa9JgFtFbF6db+yP7A05PJ/pAmI7277m3qjejZVnnPXwVYaYMIqE= root@ubuntu-bionic
ssh-ed25519 AAAAC3NzaC1lZDI1NTE5AAAAIO6rsSgDOmcWx54jzVe0QaQ0rSTIBmTW412WZzu8z4LI root@ubuntu-bionic
ssh-rsa AAAAB3NzaC1yc2EAAAADAQABAAABAQCwOP+PbH6K069c60aq5lK6e92QrtbHkiw57EG/N680OJ5KdGIyTemuKRvb9aNiQ6ULeqGtW2bfpB4tggeBBxbQhp9x3MdiEYD1DqdBmzJLRZCcISxV+UMIINk4SBRBClt6HJMsneC/5yatb0+YBbku5lsS12CiiE+ENMSfVwQ7S6fK4VHD02BaeLiibiOGnaQ0dmnl9CBhonF4HhPMlop0WSz0F0TuZM6J1v7G9dEu2CAjAlU2AGGRbWDJJdAE+kDVWUSupZP/3vqh3aIIIkHb+vKpXRJK9WnzjQORmCLLEurtyv0panHga8Y/8JafLAx2YyyPbhR98tylhkqEjfyv root@ubuntu-bionic
-----END SSH HOST KEY KEYS-----
[   22.471955] cloud-init[1471]: Cloud-init v. 21.2-3-g899bfaa9-0ubuntu2~18.04.1 running 'modules:final' at Wed, 20 Oct 2021 14:56:12 +0000. Up 22.21 seconds.
[   22.473256] cloud-init[1471]: ci-info: no authorized SSH keys fingerprints found for user ubuntu.
[   22.474289] cloud-init[1471]: Cloud-init v. 21.2-3-g899bfaa9-0ubuntu2~18.04.1 finished at Wed, 20 Oct 2021 14:56:12 +0000. Datasource DataSourceNoCloud [seed=/dev/sdb][dsmode=net].  Up 22.46 seconds
